PS C:\Users\reddy\Downloads\toucan-springboot-starter\toucan-springboot-starter> .\mvnw.cmd clean test
[INFO] Scanning for projects...
[INFO] 
[INFO] ------------------< com.example:transaction-starter >-------------------
[INFO] Building transaction-starter 0.0.1-SNAPSHOT
[INFO]   from pom.xml
[INFO] --------------------------------[ jar ]---------------------------------
[INFO] 
[INFO] --- clean:3.4.1:clean (default-clean) @ transaction-starter ---
[INFO] Deleting C:\Users\reddy\Downloads\toucan-springboot-starter\toucan-springboot-starter\target
[INFO] 
[INFO] --- resources:3.3.1:resources (default-resources) @ transaction-starter ---
[INFO] Copying 1 resource from src\main\resources to target\classes
[INFO] Copying 0 resource from src\main\resources to target\classes
[INFO] 
[INFO] --- compiler:3.14.0:compile (default-compile) @ transaction-starter ---
[INFO] Recompiling the module because of changed source code.
[INFO] Compiling 11 source files with javac [debug parameters release 17] to target\classes
[INFO] 
[INFO] --- resources:3.3.1:testResources (default-testResources) @ transaction-starter ---
[INFO] skip non existing resourceDirectory C:\Users\reddy\Downloads\toucan-springboot-starter\toucan-springboot-starter\src\test\resources
[INFO] 
[INFO] --- compiler:3.14.0:testCompile (default-testCompile) @ transaction-starter ---
[INFO] Recompiling the module because of changed dependency.
[INFO] Compiling 1 source file with javac [debug parameters release 17] to target\test-classes
[INFO] 
[INFO] --- surefire:3.5.3:test (default-test) @ transaction-starter ---
[INFO] Using auto detected provider org.apache.maven.surefire.junitplatform.JUnitPlatformProvider
[INFO] 
[INFO] -------------------------------------------------------
[INFO]  T E S T S
[INFO] -------------------------------------------------------
[INFO] Running com.example.transactionstarter.TransactionServiceTest
17:26:06.680 [main] INFO org.springframework.test.context.support.AnnotationConfigContextLoaderUtils -- Could not detect default configuration classes for test class [com.example.transactionstarter.TransactionServiceTest]: TransactionServiceTest does not declare any static, non-private, non-final, nested classes annotated with @Configuration.
17:26:06.876 [main] INFO org.springframework.boot.test.context.SpringBootTestContextBootstrapper -- Found @SpringBootConfiguration com.example.transactionstarter.TransactionStarterApplication for test class com.example.transactionstarter.TransactionServiceTest

  .   ____          _            __ _ _
 /\\ / ___'_ __ _ _(_)_ __  __ _ \ \ \ \
( ( )\___ | '_ | '_| | '_ \/ _` | \ \ \ \
 \\/  ___)| |_)| | | | | || (_| |  ) ) ) )
  '  |____| .__|_| |_|_| |_\__, | / / / /
 =========|_|==============|___/=/_/_/_/

 :: Spring Boot ::                (v3.5.5)

2026-08-31T17:26:07.493+05:30  INFO 18776 --- [           main] c.e.t.TransactionServiceTest             : Starting TransactionServiceTest using Java 17.0.9 with PID 18776 (started by reddy in C:\Users\reddy\Downloads\toucan-springboot-starter\toucan-springboot-starter)
2026-08-31T17:26:07.494+05:30  INFO 18776 --- [           main] c.e.t.TransactionServiceTest             : No active profile set, falling back to 1 default profile: "default"
2026-08-31T17:26:08.282+05:30  INFO 18776 --- [           main] .s.d.r.c.RepositoryConfigurationDelegate : Bootstrapping Spring Data JPA repositories in DEFAULT mode.
2026-08-31T17:26:08.374+05:30  INFO 18776 --- [           main] .s.d.r.c.RepositoryConfigurationDelegate : Finished Spring Data repository scanning in 71 ms. Found 1 JPA repository interface.
2026-08-31T17:26:08.885+05:30  INFO 18776 --- [           main] o.hibernate.jpa.internal.util.LogHelper  : HHH000204: Processing PersistenceUnitInfo [name: default]
2026-08-31T17:26:09.032+05:30  INFO 18776 --- [           main] org.hibernate.Version                    : HHH000412: Hibernate ORM core version 6.6.26.Final
2026-08-31T17:26:09.159+05:30  INFO 18776 --- [           main] o.h.c.internal.RegionFactoryInitiator    : HHH000026: Second-level cache disabled
2026-08-31T17:26:10.074+05:30  INFO 18776 --- [           main] o.s.o.j.p.SpringPersistenceUnitInfo      : No LoadTimeWeaver setup: ignoring JPA class transformer
2026-08-31T17:26:10.143+05:30  INFO 18776 --- [           main] com.zaxxer.hikari.HikariDataSource       : HikariPool-1 - Starting...
2026-08-31T17:26:10.592+05:30  INFO 18776 --- [           main] com.zaxxer.hikari.pool.HikariPool        : HikariPool-1 - Added connection conn0: url=jdbc:h2:mem:transactions user=SA
2026-08-31T17:26:10.594+05:30  INFO 18776 --- [           main] com.zaxxer.hikari.HikariDataSource       : HikariPool-1 - Start completed.
2026-08-31T17:26:10.763+05:30  INFO 18776 --- [           main] org.hibernate.orm.connections.pooling    : HHH10001005: Database info:
        Database JDBC URL [Connecting through datasource 'HikariDataSource (HikariPool-1)']
        Database driver: undefined/unknown
        Database version: 2.3.232
        Autocommit mode: undefined/unknown
        Isolation level: undefined/unknown
        Minimum pool size: undefined/unknown
        Maximum pool size: undefined/unknown
2026-08-31T17:26:12.835+05:30  INFO 18776 --- [           main] o.h.e.t.j.p.i.JtaPlatformInitiator       : HHH000489: No JTA platform available (set 'hibernate.transaction.jta.platform' to enable JTA platform integration)
2026-08-31T17:26:12.903+05:30  INFO 18776 --- [           main] j.LocalContainerEntityManagerFactoryBean : Initialized JPA EntityManagerFactory for persistence unit 'default'
2026-08-31T17:26:14.586+05:30  INFO 18776 --- [           main] o.s.b.a.h2.H2ConsoleAutoConfiguration    : H2 console available at '/h2-console'. Database available at 'jdbc:h2:mem:transactions'
2026-08-31T17:26:14.741+05:30  INFO 18776 --- [           main] c.e.t.TransactionServiceTest             : Started TransactionServiceTest in 7.583 seconds (process running for 8.825)
Java HotSpot(TM) 64-Bit Server VM warning: Sharing is only supported for boot loader classes because bootstrap classpath has been appended
[INFO] Tests run: 6, Failures: 0, Errors: 0, Skipped: 0, Time elapsed: 10.08 s -- in com.example.transactionstarter.TransactionServiceTest
[INFO] 
[INFO] Results:
[INFO] 
[INFO] Tests run: 6, Failures: 0, Errors: 0, Skipped: 0
[INFO] 
[INFO] ------------------------------------------------------------------------
[INFO] BUILD SUCCESS
[INFO] ------------------------------------------------------------------------
[INFO] Total time:  15.999 s
[INFO] Finished at: 2026-08-31T17:26:16+05:30
[INFO] ------------------------------------------------------------------------